python : Using cache fo
und in C:\Users\TAKUMA/
.cache\torch\hub\facebo
okresearch_dinov2_main
発生場所 行:1 文字:1
+ python validate_ebay_
search_v3.py > test_out
put.txt 2>&1Check-Conte
nt ...
+ ~~~~~~~~~~~~~~~~~~~~~
~~~~~~~~~~~~~~~~~~~~~~~
~~~~~~~~~~~~~~~~~~~~~~~
~~
    + CategoryInfo     
         : NotSpecifi  
  ed: (Using cache f   
 ou...rch_dinov2_ma    
in:String) [], Rem    o
teException
    + FullyQualifiedEr 
   rorId : NativeComm  
  andError
 
C:\Users\TAKUMA/.cache\
torch\hub\facebookresea
rch_dinov2_main\dinov2\
layers\swiglu_ffn.py:51
: UserWarning: xFormers
 is not available (SwiG
LU)
  warnings.warn("xForme
rs is not available (Sw
iGLU)")
C:\Users\TAKUMA/.cache\
torch\hub\facebookresea
rch_dinov2_main\dinov2\
layers\attention.py:33:
 UserWarning: xFormers 
is not available (Atten
tion)
  warnings.warn("xForme
rs is not available (At
tention)")
C:\Users\TAKUMA/.cache\
torch\hub\facebookresea
rch_dinov2_main\dinov2\
layers\block.py:40: Use
rWarning: xFormers is n
ot available (Block)
  warnings.warn("xForme
rs is not available (Bl
ock)")
[*] GPU迺ｰ蠅・ｒ譛驕ｩ蛹悶＠縺ｦ縺・∪縺・..
  [+] DLL繝代せ霑ｽ蜉: C:\Users\TAKUMA\AppData\Local\Programs\Python\Python312\Lib\site-packages\nvidia\cublas\bin (3 files)
  [+] DLL繝代せ霑ｽ蜉: C:\Users\TAKUMA\AppData\Local\Programs\Python\Python312\Lib\site-packages\nvidia\cuda_runtime\bin (3 files)
  [+] DLL繝代せ霑ｽ蜉: C:\Users\TAKUMA\AppData\Local\Programs\Python\Python312\Lib\site-packages\nvidia\cudnn\bin (8 files)
  [+] DLL繝代せ霑ｽ蜉: C:\Users\TAKUMA\AppData\Local\Programs\Python\Python312\Lib\site-packages\nvidia\cufft\bin (4 files)
  [+] DLL繝代せ霑ｽ蜉: C:\Users\TAKUMA\AppData\Local\Programs\Python\Python312\Lib\site-packages\nvidia\curand\bin (1 files)
  [+] DLL繝代せ霑ｽ蜉: C:\Users\TAKUMA\AppData\Local\Programs\Python\Python312\Lib\site-packages\nvidia\cusolver\bin (2 files)
  [+] DLL繝代せ霑ｽ蜉: C:\Users\TAKUMA\AppData\Local\Programs\Python\Python312\Lib\site-packages\nvidia\cusparse\bin (2 files)
  [+] DLL繝代せ霑ｽ蜉: C:\Users\TAKUMA\AppData\Local\Programs\Python\Python312\Lib\site-packages\nvidia\nvjitlink\bin (1 files)
  [+] DLL繝代せ霑ｽ蜉: C:\Users\TAKUMA\AppData\Local\Programs\Python\Python312\Lib\site-packages\onnxruntime\capi (31 files)
[*] CUDA繝ｩ繧､繝悶Λ繝ｪ (cublasLt64_12) 縺ｮ隱ｭ縺ｿ霎ｼ縺ｿ縺ｫ謌仙粥縺励∪縺励◆縲・
[*] DINOv2繝｢繝・Ν (dinov2_vits14) 繧偵Ο繝ｼ繝峨＠縺ｦ縺・∪縺・..
[*] CUDA (cuBLAS) 繧貞・譛溷喧縺励※縺・∪縺・..
[!] CUDA蛻晄悄蛹紋ｸｭ縺ｫ繧ｨ繝ｩ繝ｼ縺檎匱逕溘＠縺ｾ縺励◆縲・PU繝｢繝ｼ繝峨∈遘ｻ陦後＠縺ｾ縺・ CUDA error: CUBLAS_STATUS_NOT_INITIALIZED when calling `cublasLtMatmulAlgoGetHeuristic( ltHandle, computeDesc.descriptor(), Adesc.descriptor(), Bdesc.descriptor(), Cdesc.descriptor(), Cdesc.descriptor(), preference.descriptor(), 1, &heuristicResult, &returnedResult)`
[*] DINOv2繝｢繝・Ν繝ｭ繝ｼ繝牙ｮ御ｺ・(Device: cpu)

=== [STEP 1] eBay US Research ===
[*] eBay EBAY_US 讀懃ｴ｢荳ｭ: 'CASIO Oceanus OCW-S6000PBS-7AJR' (Condition: NEW)
[*] 60 莉ｶ縺ｮ蛟呵｣懊ｒ DINOv2 縺ｧ逕ｻ蜒乗､懆ｨｼ荳ｭ...
    [!] 逕ｻ蜒上Ο繝ｼ繝・閭梧勹髯､蜴ｻ繧ｨ繝ｩ繝ｼ (https://i.ebayimg.com/images/g/FGcAAeSwD8NppOYW/s-...): name 'os' is not defined

=== [STEP 2] eBay UK Research ===
[*] eBay EBAY_GB 讀懃ｴ｢荳ｭ: 'CASIO Oceanus OCW-S6000PBS-7AJR' (Condition: NEW)
[*] 60 莉ｶ縺ｮ蛟呵｣懊ｒ DINOv2 縺ｧ逕ｻ蜒乗､懆ｨｼ荳ｭ...
    [!] 逕ｻ蜒上Ο繝ｼ繝・閭梧勹髯､蜴ｻ繧ｨ繝ｩ繝ｼ (https://i.ebayimg.com/images/g/FGcAAeSwD8NppOYW/s-...): name 'os' is not defined

============================================================
   eBay Global Lowest Price Report (Top 3)
============================================================

[Market: eBay US]
  荳閾ｴ縺吶ｋ蝠・刀縺ｯ隕九▽縺九ｊ縺ｾ縺帙ｓ縺ｧ縺励◆縲・

[Market: eBay UK]
  荳閾ｴ縺吶ｋ蝠・刀縺ｯ隕九▽縺九ｊ縺ｾ縺帙ｓ縺ｧ縺励◆縲・
============================================================
